\BOOKMARK [0][-]{figure.caption.1}{\376\377\000C\000E\000R\000T\000I\000F\000I\000C\000A\000T\000I\000O\000N}{}% 1
\BOOKMARK [0][-]{figure.caption.1}{\376\377\000A\000C\000K\000N\000O\000W\000L\000E\000D\000G\000E\000M\000E\000N\000T\000S}{}% 2
\BOOKMARK [0][-]{chapter*.3}{\376\377\000L\000I\000S\000T\000\040\000O\000F\000\040\000T\000A\000B\000L\000E\000S}{}% 3
\BOOKMARK [0][-]{chapter*.4}{\376\377\000L\000I\000S\000T\000\040\000O\000F\000\040\000F\000I\000G\000U\000R\000E\000S}{}% 4
\BOOKMARK [0][-]{chapter*.4}{\376\377\000L\000I\000S\000T\000\040\000O\000F\000\040\000S\000Y\000M\000B\000O\000L\000S}{}% 5
\BOOKMARK [0][-]{chapter.1}{\376\377\000I\000N\000T\000R\000O\000D\000U\000C\000T\000I\000O\000N}{}% 6
\BOOKMARK [1][-]{section.1.1}{\376\377\000B\000a\000c\000k\000g\000r\000o\000u\000n\000d}{chapter.1}% 7
\BOOKMARK [1][-]{section.1.2}{\376\377\000P\000r\000o\000b\000l\000e\000m\000\040\000S\000t\000a\000t\000e\000m\000e\000n\000t}{chapter.1}% 8
\BOOKMARK [1][-]{section.1.3}{\376\377\000L\000i\000t\000e\000r\000a\000t\000u\000r\000e\000\040\000R\000e\000v\000i\000e\000w}{chapter.1}% 9
\BOOKMARK [1][-]{section.1.4}{\376\377\000O\000b\000j\000e\000c\000t\000i\000v\000e\000s}{chapter.1}% 10
\BOOKMARK [1][-]{section.1.5}{\376\377\000S\000c\000o\000p\000e\000\040\000a\000n\000d\000\040\000L\000i\000m\000i\000t\000a\000t\000i\000o\000n\000s}{chapter.1}% 11
\BOOKMARK [1][-]{section.1.6}{\376\377\000M\000A\000T\000H\000E\000M\000A\000T\000I\000C\000A\000L\000\040\000P\000R\000E\000L\000I\000M\000I\000N\000A\000R\000I\000E\000S}{chapter.1}% 12
\BOOKMARK [2][-]{subsection.1.6.1}{\376\377\000D\000i\000s\000t\000r\000i\000b\000u\000t\000i\000o\000n\000a\000l\000\040\000D\000i\000a\000g\000n\000o\000s\000t\000i\000c\000s}{section.1.6}% 13
\BOOKMARK [2][-]{subsection.1.6.2}{\376\377\000T\000i\000m\000e\000\040\000S\000e\000r\000i\000e\000s\000\040\000D\000e\000p\000e\000n\000d\000e\000n\000c\000e\000\040\000T\000e\000s\000t\000s}{section.1.6}% 14
\BOOKMARK [2][-]{subsection.1.6.3}{\376\377\000S\000t\000a\000t\000i\000o\000n\000a\000r\000i\000t\000y\000\040\000T\000e\000s\000t\000s}{section.1.6}% 15
\BOOKMARK [2][-]{subsection.1.6.4}{\376\377\000J\000u\000m\000p\000\040\000D\000e\000t\000e\000c\000t\000i\000o\000n\000\040\000a\000n\000d\000\040\000S\000t\000r\000u\000c\000t\000u\000r\000a\000l\000\040\000B\000r\000e\000a\000k}{section.1.6}% 16
\BOOKMARK [2][-]{subsection.1.6.5}{\376\377\000C\000h\000a\000o\000s\000\040\000D\000i\000a\000g\000n\000o\000s\000t\000i\000c\000s}{section.1.6}% 17
\BOOKMARK [2][-]{subsection.1.6.6}{\376\377\000C\000O\000G\000A\000R\000C\000H\000\040\000M\000o\000d\000e\000l\000\040\000a\000n\000d\000\040\000E\000s\000t\000i\000m\000a\000t\000i\000o\000n}{section.1.6}% 18
\BOOKMARK [2][-]{subsection.1.6.7}{\376\377\000R\000i\000s\000k\000\040\000M\000e\000a\000s\000u\000r\000e\000s}{section.1.6}% 19
\BOOKMARK [0][-]{chapter.2}{\376\377\000D\000a\000t\000a\000\040\000a\000n\000d\000\040\000E\000x\000p\000l\000o\000r\000a\000t\000o\000r\000y\000\040\000A\000n\000a\000l\000y\000s\000i\000s}{}% 20
\BOOKMARK [1][-]{section.2.1}{\376\377\000D\000a\000t\000a\000\040\000D\000e\000s\000c\000r\000i\000p\000t\000i\000o\000n}{chapter.2}% 21
\BOOKMARK [1][-]{section.2.2}{\376\377\000D\000i\000s\000t\000r\000i\000b\000u\000t\000i\000o\000n\000a\000l\000\040\000D\000i\000a\000g\000n\000o\000s\000t\000i\000c\000s}{chapter.2}% 22
\BOOKMARK [1][-]{section.2.3}{\376\377\000T\000i\000m\000e\000\040\000S\000e\000r\000i\000e\000s\000\040\000D\000e\000p\000e\000n\000d\000e\000n\000c\000e\000\040\000a\000n\000d\000\040\000A\000R\000C\000H\000\040\000E\000f\000f\000e\000c\000t\000s}{chapter.2}% 23
\BOOKMARK [1][-]{section.2.4}{\376\377\000S\000t\000a\000t\000i\000o\000n\000a\000r\000i\000t\000y\000\040\000a\000n\000d\000\040\000E\000r\000g\000o\000d\000i\000c\000i\000t\000y}{chapter.2}% 24
\BOOKMARK [1][-]{section.2.5}{\376\377\000J\000u\000m\000p\000\040\000D\000e\000t\000e\000c\000t\000i\000o\000n\000\040\000a\000n\000d\000\040\000S\000t\000r\000u\000c\000t\000u\000r\000a\000l\000\040\000B\000r\000e\000a\000k}{chapter.2}% 25
\BOOKMARK [1][-]{section.2.6}{\376\377\000E\000m\000p\000i\000r\000i\000c\000a\000l\000\040\000C\000h\000a\000o\000s\000\040\000D\000i\000a\000g\000n\000o\000s\000t\000i\000c\000s\000\040\000\050\000P\000o\000s\000t\040\021\000B\000r\000e\000a\000k\000\040\000S\000a\000m\000p\000l\000e\000\051}{chapter.2}% 26
\BOOKMARK [0][-]{chapter.3}{\376\377\000C\000O\000G\000A\000R\000C\000H\000\040\000M\000o\000d\000e\000l\000\040\000a\000n\000d\000\040\000E\000s\000t\000i\000m\000a\000t\000i\000o\000n}{}% 27
\BOOKMARK [1][-]{section.3.1}{\376\377\000M\000o\000d\000e\000l\000\040\000S\000p\000e\000c\000i\000f\000i\000c\000a\000t\000i\000o\000n}{chapter.3}% 28
\BOOKMARK [1][-]{section.3.2}{\376\377\000M\000e\000t\000h\000o\000d\000\040\000o\000f\000\040\000S\000i\000m\000u\000l\000a\000t\000e\000d\000\040\000M\000o\000m\000e\000n\000t\000s\000\040\000\050\000M\000S\000M\000\051}{chapter.3}% 29
\BOOKMARK [1][-]{section.3.3}{\376\377\000E\000s\000t\000i\000m\000a\000t\000i\000o\000n\000\040\000R\000e\000s\000u\000l\000t\000s}{chapter.3}% 30
\BOOKMARK [0][-]{chapter.4}{\376\377\000C\000h\000a\000o\000s\000\040\000D\000i\000a\000g\000n\000o\000s\000t\000i\000c\000s\000\040\000a\000n\000d\000\040\000M\000o\000d\000e\000l\000\040\000V\000a\000l\000i\000d\000a\000t\000i\000o\000n}{}% 31
\BOOKMARK [1][-]{section.4.1}{\376\377\000M\000o\000d\000e\000l\040\021\000I\000m\000p\000l\000i\000e\000d\000\040\000v\000s\000.\000\040\000E\000m\000p\000i\000r\000i\000c\000a\000l\000\040\000D\000i\000a\000g\000n\000o\000s\000t\000i\000c\000s}{chapter.4}% 32
\BOOKMARK [1][-]{section.4.2}{\376\377\000C\000o\000n\000d\000i\000t\000i\000o\000n\000s\000\040\000f\000o\000r\000\040\000C\000h\000a\000o\000t\000i\000c\000\040\000R\000e\000g\000i\000m\000e}{chapter.4}% 33
\BOOKMARK [1][-]{section.4.3}{\376\377\000F\000i\000l\000t\000e\000r\000e\000d\000\040\000V\000o\000l\000a\000t\000i\000l\000i\000t\000y\000\040\000a\000n\000d\000\040\000J\000u\000m\000p\000\040\000D\000e\000t\000e\000c\000t\000i\000o\000n}{chapter.4}% 34
\BOOKMARK [0][-]{chapter.5}{\376\377\000R\000i\000s\000k\000\040\000Q\000u\000a\000n\000t\000i\000f\000i\000c\000a\000t\000i\000o\000n}{}% 35
\BOOKMARK [1][-]{section.5.1}{\376\377\000M\000o\000n\000t\000e\000\040\000C\000a\000r\000l\000o\000\040\000S\000i\000m\000u\000l\000a\000t\000i\000o\000n}{chapter.5}% 36
\BOOKMARK [1][-]{section.5.2}{\376\377\000C\000o\000m\000p\000a\000r\000i\000s\000o\000n\000\040\000w\000i\000t\000h\000\040\000N\000o\000r\000m\000a\000l\000\040\000A\000s\000s\000u\000m\000p\000t\000i\000o\000n\000s}{chapter.5}% 37
\BOOKMARK [0][-]{chapter.6}{\376\377\000D\000i\000s\000c\000u\000s\000s\000i\000o\000n}{}% 38
\BOOKMARK [1][-]{section.6.1}{\376\377\000I\000n\000t\000e\000r\000p\000r\000e\000t\000a\000t\000i\000o\000n\000\040\000o\000f\000\040\000R\000e\000s\000u\000l\000t\000s}{chapter.6}% 39
\BOOKMARK [1][-]{section.6.2}{\376\377\000P\000r\000a\000c\000t\000i\000c\000a\000l\000\040\000I\000m\000p\000l\000i\000c\000a\000t\000i\000o\000n\000s}{chapter.6}% 40
\BOOKMARK [1][-]{section.6.3}{\376\377\000L\000i\000m\000i\000t\000a\000t\000i\000o\000n\000s\000\040\000a\000n\000d\000\040\000F\000u\000t\000u\000r\000e\000\040\000W\000o\000r\000k}{chapter.6}% 41
\BOOKMARK [0][-]{chapter.7}{\376\377\000C\000O\000N\000C\000L\000U\000S\000I\000O\000N}{}% 42
